device: CPU; torch 2.13.0; 200,000 draws per radius

network, original:
      R   mean mu err (z)    mean s err (z)    KS mu   KS s   noise  | weight err (z) at kappa 0.001  0.01  0.1
    1.5   -0.037% ( -0.5)   +0.453% ( +2.7)   0.0065  0.0059  0.0043 | -0.001% (-2.7)  -0.010% (-2.5)  -0.089% (-2.5)
    3.0   -0.003% ( -0.0)   +0.403% ( +2.2)   0.0028  0.0055  0.0043 | -0.003% (-2.2)  -0.027% (-2.2)  -0.286% (-3.0)
    5.0   -0.009% ( -0.1)   -0.025% ( -0.1)   0.0016  0.0025  0.0043 | +0.002% (+0.7)  +0.035% (+1.2)  +0.150% (+0.8)
   10.0   -0.069% ( -0.8)   +0.532% ( +2.4)   0.0023  0.0025  0.0043 | -0.019% (-1.7)  -0.102% (-1.1)  +0.046% (+0.1)
   20.0   -0.008% ( -0.1)   -0.123% ( -0.6)   0.0029  0.0029  0.0043 | +0.045% (+1.2)  +0.321% (+1.3)  +4.540% (+2.0)
   29.0   +0.042% ( +0.4)   -0.581% ( -2.9)   0.0027  0.0048  0.0043 | +0.228% (+3.2)  +1.389% (+3.3)  +73.550% (+3.1)

network, knots:
      R   mean mu err (z)    mean s err (z)    KS mu   KS s   noise  | weight err (z) at kappa 0.001  0.01  0.1
    1.5   -0.145% ( -2.0)   +0.364% ( +2.0)   0.0059  0.0055  0.0043 | -0.001% (-2.0)  -0.007% (-1.7)  -0.052% (-1.5)
    3.0   -0.078% ( -1.0)   +0.151% ( +0.8)   0.0025  0.0038  0.0043 | -0.001% (-0.8)  -0.008% (-0.7)  -0.101% (-1.1)
    5.0   -0.088% ( -1.0)   +0.170% ( +0.7)   0.0027  0.0027  0.0043 | -0.000% (-0.0)  +0.018% (+0.6)  +0.137% (+0.7)
   10.0   -0.072% ( -0.8)   +0.375% ( +1.8)   0.0028  0.0023  0.0043 | -0.016% (-1.5)  -0.087% (-1.0)  -0.409% (-0.8)
   20.0   +0.082% ( +0.9)   +0.143% ( +0.6)   0.0024  0.0025  0.0043 | +0.006% (+0.2)  -0.098% (-0.4)  +0.997% (+0.5)
   29.0   +0.073% ( +0.8)   -0.549% ( -2.6)   0.0021  0.0056  0.0043 | +0.263% (+3.6)  +1.574% (+3.7)  +84.746% (+3.0)

network, half:
      R   mean mu err (z)    mean s err (z)    KS mu   KS s   noise  | weight err (z) at kappa 0.001  0.01  0.1
    1.5   -0.072% ( -1.0)   +0.167% ( +1.1)   0.0058  0.0051  0.0043 | -0.000% (-1.1)  -0.004% (-1.0)  -0.030% (-0.8)
    3.0   +0.027% ( +0.3)   +0.530% ( +1.4)   0.0025  0.0047  0.0043 | -0.002% (-1.3)  -0.010% (-0.8)  -0.130% (-1.4)
    5.0   +0.104% ( +1.2)   -0.109% ( -0.5)   0.0029  0.0033  0.0043 | +0.003% (+0.8)  +0.033% (+1.1)  +0.181% (+0.9)
   10.0   -0.063% ( -0.7)   +0.223% ( +1.0)   0.0027  0.0034  0.0043 | -0.004% (-0.3)  +0.054% (+0.6)  +0.527% (+1.0)
   20.0   +0.103% ( +1.1)   -0.095% ( -0.5)   0.0038  0.0027  0.0043 | +0.041% (+1.1)  +0.192% (+0.8)  +2.305% (+1.1)
   29.0   +0.152% ( +1.6)   -0.673% ( -3.3)   0.0035  0.0063  0.0043 | +0.291% (+4.0)  +1.921% (+4.5)  +135.757% (+3.7)

network, bfloat16:
      R   mean mu err (z)    mean s err (z)    KS mu   KS s   noise  | weight err (z) at kappa 0.001  0.01  0.1
    1.5   +nan% ( +nan)   +1.022% ( +5.1)   0.0145  0.0109  0.0043 | -0.003% (-5.4)  -0.023% (-5.7)  -0.194% (-5.4)
    3.0   +nan% ( +nan)   +0.035% ( +0.2)   0.0071  0.0116  0.0043 | -0.000% (-0.1)  -0.001% (-0.1)  -0.214% (-2.3)
    5.0   +0.058% ( +0.7)   +0.114% ( +0.5)   0.0077  0.0058  0.0043 | -0.001% (-0.3)  -0.001% (-0.0)  -0.122% (-0.6)
   10.0   +0.173% ( +1.9)   +1.439% ( +2.1)   0.0091  0.0075  0.0043 | -0.038% (-3.4)  -0.235% (-2.6)  -0.073% (-0.1)
   20.0   +0.026% ( +0.3)   +1.497% ( +7.2)   0.0102  0.0195  0.0043 | -0.249% (-6.4)  +0.010% (+0.0)  +1.211% (+0.5)
   29.0   +0.415% ( +4.4)   -0.334% ( -1.6)   0.0128  0.0204  0.0043 | +0.376% (+5.2)  +3.211% (+7.5)  +113.870% (+3.5)

