
== sphere: 4,000,000 histories per contender, 100,000 per batch
  contender                         seconds vs OpenMC        FOM x (leakage)     FOM x (total flux)
  OpenMC analog                       11.69     1.00x                  1.00x                  1.00x
  OpenMC implicit                     19.16     0.61x                  2.11x                  4.56x
  ours, plain MC                      14.82     0.79x                  1.65x                  8.09x
  ours + table (R* = 1.5)              2.62     4.46x                  5.35x               3712.64x
  ours + table (R* = 2)                2.66     4.39x                  5.27x               3658.91x
  ours + network (R* = 2)             31.02     0.38x                  0.71x                341.35x
  answers (z against OpenMC analog):
    OpenMC analog                    leakage 0.0316873 +- 9.5e-05 (z +0.0); total flux 9.67931 +- 0.0061 (z +0.0)
    OpenMC implicit                  leakage 0.0315858 +- 5.1e-05 (z -0.9); total flux 9.68059 +- 0.0022 (z +0.2)
    ours, plain MC                   leakage 0.0317865 +- 6.6e-05 (z +0.9); total flux 9.68659 +- 0.0019 (z +1.1)
    ours + table (R* = 1.5)          leakage 0.0316337 +- 8.7e-05 (z -0.4); total flux 9.68406 +- 0.00021 (z +0.8)
    ours + table (R* = 2)            leakage 0.0316337 +- 8.7e-05 (z -0.4); total flux 9.68406 +- 0.00021 (z +0.8)
    ours + network (R* = 2)          leakage 0.0317037 +- 7e-05 (z +0.1); total flux 9.68325 +- 0.0002 (z +0.6)
  ours: flights / balls per history, backend seconds: plain MC 18.6 / 0.00, 0.00 s; table (R* = 1.5) 0.0 / 1.00, 0.13 s; table (R* = 2) 0.0 / 1.00, 0.14 s; network (R* = 2) 0.0 / 1.00, 27.67 s
  one-off costs: OpenMC start-up 1.4 s, our compile 0.3 s

== slab: 4,000,000 histories per contender, 100,000 per batch
  contender                         seconds vs OpenMC        FOM x (leakage)     FOM x (total flux)
  OpenMC analog                       12.66     1.00x                  1.00x                  1.00x
  OpenMC implicit                     18.08     0.70x                  0.44x                  0.90x
  ours, plain MC                      18.96     0.67x                  0.49x                  0.91x
  ours + table (R* = 1.5)             10.39     1.22x                  1.08x                  1.71x
  ours + table (R* = 2)               10.71     1.18x                  1.21x                  1.46x
  ours + network (R* = 2)             38.74     0.33x                  0.29x                  0.50x
  answers (z against OpenMC analog):
    OpenMC analog                    leakage 0.860028 +- 0.00013 (z +0.0); total flux 27.9316 +- 0.034 (z +0.0)
    OpenMC implicit                  leakage 0.860146 +- 0.00017 (z +0.6); total flux 27.9701 +- 0.03 (z +0.8)
    ours, plain MC                   leakage 0.860318 +- 0.00015 (z +1.4); total flux 27.9292 +- 0.029 (z -0.1)
    ours + table (R* = 1.5)          leakage 0.860298 +- 0.00014 (z +1.4); total flux 27.9416 +- 0.029 (z +0.2)
    ours + table (R* = 2)            leakage 0.860293 +- 0.00013 (z +1.4); total flux 27.9396 +- 0.031 (z +0.2)
    ours + network (R* = 2)          leakage 0.860434 +- 0.00014 (z +2.1); total flux 27.9188 +- 0.028 (z -0.3)
  ours: flights / balls per history, backend seconds: plain MC 22.7 / 0.00, 0.00 s; table (R* = 1.5) 6.6 / 1.31, 0.77 s; table (R* = 2) 7.4 / 1.07, 0.66 s; network (R* = 2) 7.4 / 1.07, 26.52 s
  one-off costs: OpenMC start-up 0.0 s, our compile 0.0 s

== cask: 4,000,000 histories per contender, 100,000 per batch
  contender                         seconds vs OpenMC        FOM x (leakage)     FOM x (total flux)  FOM x (detector flux)
  OpenMC analog                       20.08     1.00x                  1.00x                  1.00x                  1.00x
  OpenMC implicit                     37.83     0.53x                  1.63x                  2.85x                  2.08x
  ours, plain MC                      31.69     0.63x                  1.96x                  2.33x                  1.88x
  ours + table (R* = 1.5)             16.22     1.24x                  2.11x                  4.85x                  2.58x
  ours + table (R* = 2)               16.37     1.23x                  2.97x                  4.20x                  3.03x
  ours + network (R* = 2)             72.73     0.28x                  0.69x                  1.79x                  0.64x
  answers (z against OpenMC analog):
    OpenMC analog                    leakage 0.00232775 +- 2.4e-05 (z +0.0); total flux 34.6835 +- 0.024 (z +0.0); detector flux 0.000613806 +- 6.4e-05 (z +0.0)
    OpenMC implicit                  leakage 0.00237638 +- 1.4e-05 (z +1.8); total flux 34.724 +- 0.01 (z +1.5); detector flux 0.000573824 +- 3e-05 (z -0.6)
    ours, plain MC                   leakage 0.00234719 +- 1.4e-05 (z +0.7); total flux 34.7089 +- 0.013 (z +0.9); detector flux 0.000564542 +- 3.4e-05 (z -0.7)
    ours + table (R* = 1.5)          leakage 0.00236875 +- 1.9e-05 (z +1.4); total flux 34.7052 +- 0.012 (z +0.8); detector flux 0.000598618 +- 4.4e-05 (z -0.2)
    ours + table (R* = 2)            leakage 0.00238106 +- 1.6e-05 (z +1.9); total flux 34.7074 +- 0.013 (z +0.9); detector flux 0.000620237 +- 4.1e-05 (z +0.1)
    ours + network (R* = 2)          leakage 0.00239038 +- 1.6e-05 (z +2.2); total flux 34.7141 +- 0.0094 (z +1.2); detector flux 0.000680054 +- 4.7e-05 (z +0.8)
  ours: flights / balls per history, backend seconds: plain MC 40.1 / 0.00, 0.00 s; table (R* = 1.5) 8.5 / 2.66, 1.01 s; table (R* = 2) 10.1 / 2.18, 0.82 s; network (R* = 2) 10.2 / 2.18, 53.94 s
  one-off costs: OpenMC start-up 0.0 s, our compile 0.0 s

== curved: 4,000,000 histories per contender, 100,000 per batch
  contender                         seconds vs OpenMC        FOM x (leakage)     FOM x (total flux)
  OpenMC analog                       45.45     1.00x                  1.00x                  1.00x
  OpenMC implicit                     54.79     0.83x                  2.59x                  1.43x
  ours, plain MC                      75.93     0.60x                  1.93x                  1.73x
  ours + table (R* = 1.5)             51.13     0.89x                  1.97x                  1.57x
  ours + table (R* = 2)               53.42     0.85x                  3.21x                  2.28x
  ours + network (R* = 2)            155.12     0.29x                  1.90x                  0.98x
  answers (z against OpenMC analog):
    OpenMC analog                    leakage 0.580476 +- 0.00025 (z +0.0); total flux 104.417 +- 0.04 (z +0.0)
    OpenMC implicit                  leakage 0.580811 +- 0.00014 (z +1.2); total flux 104.453 +- 0.03 (z +0.7)
    ours, plain MC                   leakage 0.580908 +- 0.00014 (z +1.5); total flux 104.456 +- 0.024 (z +0.8)
    ours + table (R* = 1.5)          leakage 0.580602 +- 0.00017 (z +0.4); total flux 104.512 +- 0.03 (z +1.9)
    ours + table (R* = 2)            leakage 0.580463 +- 0.00013 (z -0.0); total flux 104.524 +- 0.024 (z +2.3)
    ours + network (R* = 2)          leakage 0.580558 +- 9.6e-05 (z +0.3); total flux 104.511 +- 0.022 (z +2.1)
  ours: flights / balls per history, backend seconds: plain MC 60.9 / 0.00, 0.00 s; table (R* = 1.5) 27.5 / 5.18, 1.56 s; table (R* = 2) 31.7 / 3.92, 1.13 s; network (R* = 2) 31.6 / 3.92, 94.17 s
  one-off costs: OpenMC start-up 0.0 s, our compile 0.0 s
