data  data/cells.npz
model {"name": "cfm", "nfe": 10, "ode_steps": 5, "solver": "heun", "train_config": {"width": 256, "depth": 5, "x_dim": 6, "c_dim": 5, "steps": 20000, "batch": 4096, "lr": 0.002, "seed": 0}, "params": 1676678}

1. cell physics (marginals and joint)
    1.0 x 1.0   p 0.03/0.01   Ox 0.01/0.01   log s 0.06/0.01   sliced 2.28   C2ST 50.9% (floor 49.5%)
    4.0 x 4.0   p 0.03/0.02   Ox 0.02/0.01   log s 0.05/0.02   sliced 1.54   C2ST 51.2% (floor 50.5%)
    4.0 x 1.0   p 0.02/0.00   Ox 0.03/0.01   log s 0.06/0.01   sliced 3.63   C2ST 51.3% (floor 49.4%)
    1.0 x 4.0   p 0.02/0.01   Ox 0.01/0.00   log s 0.05/0.02   sliced 1.82   C2ST 51.5% (floor 50.1%)
    8.0 x 2.0   p 0.01/0.01   Ox 0.03/0.02   log s 0.05/0.02   sliced 1.77   C2ST 51.8% (floor 50.3%)

1b. absorber tail: weight surviving one absorber cell (100,000 per entry)
   scale   1  W   0.5  model/MC 0.891 (z -3.3)  0.912 (z -3.1)
   scale   4  W   2.0  model/MC 0.537 (z -16.2)  0.584 (z -16.7)
   scale  10  W   5.0  model/MC 0.304 (z -25.9)  0.337 (z -28.3)
   scale  20  W  10.0  model/MC 0.172 (z -32.1)  0.178 (z -36.6)

2. full problem vs the frozen reference (20,000 particles)
   scale   1  error   1.137 %  floor  0.979 %  ratio   1.16x  bias  0.387 %  cell chi2    1.55
   scale   4  error   1.250 %  floor  0.930 %  ratio   1.34x  bias  0.820 %  cell chi2    6.03
   scale  10  error   1.373 %  floor  1.040 %  ratio   1.32x  bias  1.167 %  cell chi2    7.74
   scale  20  error   3.737 %  floor  1.000 %  ratio   3.74x  bias  3.701 %  cell chi2   56.21

3. cost at the published scale (20,000 particles)
   MC 0.0328 s   GMC 12.151 s   speedup 0.002703x   break-even 330 scatters per crossing

4. speed sweep (4,000 particles per point)
   scale   1  MC   0.0122s  GMC    3.09s  speedup  0.00395x
   scale   4  MC   0.0128s  GMC    3.88s  speedup 0.003295x
   scale  10  MC   0.0198s  GMC    6.02s  speedup 0.003295x
   scale  20  MC   0.0478s  GMC    9.29s  speedup 0.005148x

======================================================================
CFM -- RAW NUMBERS
======================================================================
model       {"name": "cfm", "nfe": 10, "ode_steps": 5, "solver": "heun", "train_config": {"width": 256, "depth": 5, "x_dim": 6, "c_dim": 5, "steps": 20000, "batch": 4096, "lr": 0.002, "seed": 0}, "params": 1676678}
trained     20000 steps in 76.4 min
device      cpu
cost class  10 network evaluations per collided sample


----------------------------------------------------------------------
1. CELL PHYSICS: sampled exit distributions vs Monte Carlo
----------------------------------------------------------------------
Marginals: Wasserstein-1 in units of the quantity's own spread, as
model / MC-vs-MC floor (the same numbers evaluate.py prints).
Joint: sliced W1 over 64 random directions of the whole exit state
(position, direction, log path length), as a ratio to the MC floor, so
1.00 = as close to MC as another MC run.  C2ST: a small classifier's
held-out accuracy at telling model from MC (50% = cannot tell), with its
z-score against 50%; the MC-vs-MC column is the same test between two MC
runs, i.e. what "indistinguishable" looks like at this sample size.

    W     H   p model/floor  Ox model/floor  log s m/f   sliced   C2ST model (z)  MC-vs-MC (z)   unc% MC GMC
  1.0   1.0  0.03/0.01   0.01/0.01   0.06/0.01    2.28    50.9 ( +2.5)   49.5 ( -1.3)    42.6  43.5
  4.0   4.0  0.03/0.02   0.02/0.01   0.05/0.02    1.54    51.2 ( +3.5)   50.5 ( +1.4)     0.1   0.1
  4.0   1.0  0.02/0.00   0.03/0.01   0.06/0.01    3.63    51.3 ( +3.8)   49.4 ( -1.8)     1.6   1.5
  1.0   4.0  0.02/0.01   0.01/0.00   0.05/0.02    1.82    51.5 ( +4.3)   50.1 ( +0.2)    29.9  30.1
  8.0   2.0  0.01/0.01   0.03/0.02   0.05/0.02    1.77    51.8 ( +5.0)   50.3 ( +0.9)     9.7   9.7

----------------------------------------------------------------------
1b. ABSORBER TAIL: weight surviving one absorber cell, model vs MC
----------------------------------------------------------------------
solve.py multiplies the weight by exp(-19 s) per absorber crossing, so
this mean is decided by the rare SHORTEST paths, which section 1 barely
sees.  Same cell and entry for model and MC, 100,000 samples each.
Ratio 1.00 = right; below 1 = the model lets too little through.

                entry (0.5, 1.0, 0.0)                       entry (0.3, 0.6, 0.5)
 scale      W  MC         model       ratio      z  MC         model       ratio      z
     1    0.5 8.0254e-03 7.1526e-03  0.891   -3.3  1.0992e-02 1.0025e-02  0.912   -3.1
     4    2.0 8.2432e-03 4.4292e-03  0.537  -16.2  1.1067e-02 6.4643e-03  0.584  -16.7
    10    5.0 7.9833e-03 2.4294e-03  0.304  -25.9  1.0710e-02 3.6088e-03  0.337  -28.3
    20   10.0 7.9426e-03 1.3650e-03  0.172  -32.1  1.0833e-02 1.9242e-03  0.178  -36.6

----------------------------------------------------------------------
2. FULL PROBLEM vs the frozen reference (20,000 particles per solve)
----------------------------------------------------------------------
Reference: reference/lattice_x*.npz (mc.py, 40,000,000 histories at scale 1),
checked against OpenMC.  Error = mean over 6 GMC solves of the relative
L2 difference of the 7x7 cell fluxes.  Floor = the same number for
6 independent mc.py solves at the same particle count, i.e.
what an exact method scores.  Ratio 1.00 = as good as Monte Carlo.
Bias = the 6 GMC fields averaged; "noise only" is what that
average would score if the model were exact.  cell chi2: per-cell bias
test over the cells one 20,000-particle MC solve resolves to better than
20% (count in brackets), in units of the model runs' own spread.
Exact Monte Carlo scores 0.3-2.3 (mean ~1); well above ~2.5 = systematic error.

 scale  error %  floor %   ratio   bias %  noise %   cell chi2  flux GMC/ref  med %  worst %
     1    1.137    0.979    1.16x    0.387    0.400   1.55 (36)   0.9958    1.74     15.3
     4    1.250    0.930    1.34x    0.820    0.380   6.03 (20)   0.9909    9.54     99.4
    10    1.373    1.040    1.32x    1.167    0.425   7.74 (18)   0.9842   65.85    254.0
    20    3.737    1.000    3.74x    3.701    0.408  56.21 (16)   0.9547   71.90   2628.0

At the published scale: floor range 0.81-1.10 %, GMC-vs-GMC 1.508 %
(vs MC-vs-MC 1.307 %: equal = neither over- nor under-dispersed).
Path lengths clamped to the straight-line minimum: 5.38 %

----------------------------------------------------------------------
3. COST AT THE PUBLISHED SCALE (same particle count, this machine)
----------------------------------------------------------------------
MONTE CARLO
  wall time                         0.0328 s   (mean of repeated runs)
  scattering events                148,398
  scatters per particle               7.42
  time per scattering event          221.3 ns

GMC
  wall time                        12.1514 s
  macro-cell crossings             166,535
  crossings per particle              8.33
  batched sampler calls                400
  crossings reaching the model      83,524   (50.2 %; the rest were uncollided)
  network evaluations              835,240
  time per macro-cell crossing       72.97 us
  where the wall time goes
    model                          11.9941 s  ( 98.7 %)
    analog MC in the birth cell     0.0013 s  (  0.0 %)
    geometry / tallies (NumPy)      0.1560 s  (  1.3 %)

SPEEDUP                           0.002703 x

----------------------------------------------------------------------
4. BREAK-EVEN
----------------------------------------------------------------------
  MC   0.89 scatters x 221.3 ns = 0.20 us per crossing
  GMC  72.97 us per crossing

One GMC crossing costs as much as 330 scattering events, and this
geometry has 0.9 per crossing, so cells must be
~370x optically thicker before GMC wins.

----------------------------------------------------------------------
5. SPEED SWEEP (4,000 particles per point)
----------------------------------------------------------------------
 scale    W_bg    MC (s)   GMC (s)   speedup  scat/part  scat/cross  model%
--------------------------------------------------------------------------
     1     1.0     0.012      3.09   0.00395x        7.5         0.9   96.9%
     4     4.0     0.013      3.88  0.003295x       22.3         3.7   99.2%
    10    10.0     0.020      6.02  0.003295x       85.6        10.1   98.3%
    20    20.0     0.048      9.29  0.005148x      275.7        22.5   98.6%

GMC is SLOWER at every scale tested (up to 20 mfp).
Best 0.00515x at 20 mfp; extrapolate with the break-even figure in section 4.
======================================================================

wrote results/cfm/2026-09-28T050543/
