data  data/cells.npz
model {"name": "oracle", "nfe": 0}

1. cell physics (marginals and joint)
    1.0 x 1.0   p 0.02/0.01   Ox 0.02/0.01   log s 0.02/0.01   sliced 1.19   C2ST 49.6% (floor 49.5%)
    4.0 x 4.0   p 0.01/0.02   Ox 0.01/0.01   log s 0.01/0.02   sliced 0.71   C2ST 49.6% (floor 50.5%)
    4.0 x 1.0   p 0.01/0.00   Ox 0.01/0.01   log s 0.01/0.01   sliced 1.15   C2ST 49.8% (floor 49.4%)
    1.0 x 4.0   p 0.01/0.01   Ox 0.01/0.00   log s 0.02/0.02   sliced 1.02   C2ST 50.7% (floor 50.1%)
    8.0 x 2.0   p 0.01/0.01   Ox 0.02/0.02   log s 0.02/0.02   sliced 0.94   C2ST 50.4% (floor 50.3%)

2. full problem vs the frozen reference (20,000 particles)
   scale   1  error   1.486 %  floor  0.979 %  ratio   1.52x  bias  1.021 %  cell chi2    1.40
   scale   4  error   1.080 %  floor  0.930 %  ratio   1.16x  bias  0.798 %  cell chi2    4.92
   scale  10  error   0.765 %  floor  1.040 %  ratio   0.74x  bias  0.362 %  cell chi2  101.24
   scale  20  error   1.029 %  floor  1.000 %  ratio   1.03x  bias  0.973 %  cell chi2    3.55

3. cost at the published scale (20,000 particles)
   MC 0.0306 s   GMC 0.202 s   speedup 0.1514x   break-even 6 scatters per crossing

4. speed sweep (4,000 particles per point)
   scale   1  MC   0.0082s  GMC    0.06s  speedup   0.1354x
   scale   4  MC   0.0083s  GMC    0.06s  speedup   0.1437x
   scale  10  MC   0.0182s  GMC    0.10s  speedup   0.1846x
   scale  20  MC   0.0412s  GMC    0.18s  speedup    0.227x

======================================================================
ORACLE -- RAW NUMBERS
======================================================================
model       {"name": "oracle", "nfe": 0}
trained     n/a (not trainable, or trained before the pipeline)
device      cpu
cost class  0 network evaluations per collided sample
  ! oracle ran 1,594,180 Monte Carlo walks in total (rejected uncollided walks included)

----------------------------------------------------------------------
1. CELL PHYSICS: sampled exit distributions vs Monte Carlo
----------------------------------------------------------------------
Marginals: Wasserstein-1 in units of the quantity's own spread, as
model / MC-vs-MC floor (the same numbers evaluate.py prints).
Joint: sliced W1 over 64 random directions of the whole exit state
(position, direction, log path length), as a ratio to the MC floor, so
1.00 = as close to MC as another MC run.  C2ST: a small classifier's
held-out accuracy at telling model from MC (50% = cannot tell), with its
z-score against 50%; the MC-vs-MC column is the same test between two MC
runs, i.e. what "indistinguishable" looks like at this sample size.

    W     H   p model/floor  Ox model/floor  log s m/f   sliced   C2ST model (z)  MC-vs-MC (z)   unc% MC GMC
  1.0   1.0  0.02/0.01   0.02/0.01   0.02/0.01    1.19    49.6 ( -1.1)   49.5 ( -1.3)    42.6  43.5
  4.0   4.0  0.01/0.02   0.01/0.01   0.01/0.02    0.71    49.6 ( -1.0)   50.5 ( +1.4)     0.1   0.1
  4.0   1.0  0.01/0.00   0.01/0.01   0.01/0.01    1.15    49.8 ( -0.7)   49.4 ( -1.8)     1.6   1.5
  1.0   4.0  0.01/0.01   0.01/0.00   0.02/0.02    1.02    50.7 ( +2.0)   50.1 ( +0.2)    29.9  30.1
  8.0   2.0  0.01/0.01   0.02/0.02   0.02/0.02    0.94    50.4 ( +1.1)   50.3 ( +0.9)     9.7   9.7

----------------------------------------------------------------------
2. FULL PROBLEM vs the frozen reference (20,000 particles per solve)
----------------------------------------------------------------------
Reference: reference/lattice_x*.npz (mc.py, 40,000,000 histories at scale 1),
checked against OpenMC.  Error = mean over 2 GMC solves of the relative
L2 difference of the 7x7 cell fluxes.  Floor = the same number for
6 independent mc.py solves at the same particle count, i.e.
what an exact method scores.  Ratio 1.00 = as good as Monte Carlo.
Bias = the 2 GMC fields averaged; "noise only" is what that
average would score if the model were exact.  cell chi2 ~ 1 means every
cell is right to within statistics; >> 1 means systematic error.

 scale  error %  floor %   ratio   bias %  noise %  cell chi2  flux GMC/ref  med %  worst %
     1    1.486    0.979    1.52x    1.021    0.693      1.40   1.0045    3.38     37.9
     4    1.080    0.930    1.16x    0.798    0.657      4.92   1.0047   15.80    143.0
    10    0.765    1.040    0.74x    0.362    0.735    101.24   1.0031   21.76    462.3
    20    1.029    1.000    1.03x    0.973    0.707      3.55   1.0091   62.48    923.7

At the published scale: floor range 0.81-1.10 %, GMC-vs-GMC 2.200 %
(vs MC-vs-MC 1.307 %: equal = neither over- nor under-dispersed).
Path lengths clamped to the straight-line minimum: 0.00 %

----------------------------------------------------------------------
3. COST AT THE PUBLISHED SCALE (same particle count, this machine)
----------------------------------------------------------------------
MONTE CARLO
  wall time                         0.0306 s   (mean of repeated runs)
  scattering events                148,608
  scatters per particle               7.43
  time per scattering event          206.1 ns

GMC
  wall time                         0.2023 s
  macro-cell crossings             163,134
  crossings per particle              8.16
  batched sampler calls                 40
  crossings reaching the model      82,484   (50.6 %; the rest were uncollided)
  network evaluations                    0
  time per macro-cell crossing        1.24 us
  where the wall time goes
    model                           0.1310 s  ( 64.8 %)
    analog MC in the birth cell     0.0011 s  (  0.5 %)
    geometry / tallies (NumPy)      0.0702 s  ( 34.7 %)

SPEEDUP                             0.1514 x

----------------------------------------------------------------------
4. BREAK-EVEN
----------------------------------------------------------------------
  MC   0.91 scatters x 206.1 ns = 0.19 us per crossing
  GMC  1.24 us per crossing

One GMC crossing costs as much as 6 scattering events, and this
geometry has 0.9 per crossing, so cells must be
~7x optically thicker before GMC wins.

----------------------------------------------------------------------
5. SPEED SWEEP (4,000 particles per point)
----------------------------------------------------------------------
 scale    W_bg    MC (s)   GMC (s)   speedup  scat/part  scat/cross  model%
--------------------------------------------------------------------------
     1     1.0     0.008      0.06    0.1354x        7.4         0.9   64.9%
     4     4.0     0.008      0.06    0.1437x       22.0         3.8   67.3%
    10    10.0     0.018      0.10    0.1846x       85.6        10.6   68.6%
    20    20.0     0.041      0.18     0.227x      275.1        23.4   69.0%

GMC is SLOWER at every scale tested (up to 20 mfp).
Best 0.227x at 20 mfp; extrapolate with the break-even figure in section 4.
======================================================================

wrote results/oracle/2026-09-23T061620/
